// Jest Snapshot v1, https://goo.gl/fbAQLP

exports[`NavBar component should render NavBar 1`] = `ShallowWrapper {}`;
