// Jest Snapshot v1, https://goo.gl/fbAQLP

exports[`CartDropdown Component should render CartDropdown component 1`] = `ShallowWrapper {}`;
